// Jest Snapshot v1, https://goo.gl/fbAQLP

exports[`renders correctly 1`] = `
<View
  accessibilityRole="progressbar"
  accessibilityState={
    Object {
      "busy": true,
    }
  }
  accessible={true}
  style={
    Array [
      Object {
        "alignItems": "center",
        "justifyContent": "center",
      },
      undefined,
    ]
  }
>
  <View
    collapsable={false}
    style={
      Object {
        "height": 24,
        "opacity": 1,
        "width": 24,
      }
    }
  >
    <View
      collapsable={false}
      style={
        Object {
          "alignItems": "center",
          "bottom": 0,
          "justifyContent": "center",
          "left": 0,
          "position": "absolute",
          "right": 0,
          "top": 0,
        }
      }
    >
      <View
        collapsable={false}
        style={
          Object {
            "height": 24,
            "transform": Array [
              Object {
                "rotate": "45deg",
              },
            ],
            "width": 24,
          }
        }
      >
        <View
          collapsable={false}
          style={
            Object {
              "height": 12,
              "overflow": "hidden",
              "width": 24,
            }
          }
        >
          <View
            collapsable={false}
            style={
              Object {
                "height": 24,
                "transform": Array [
                  Object {
                    "translateY": 0,
                  },
                  Object {
                    "rotate": "-165deg",
                  },
                ],
                "width": 24,
              }
            }
          >
            <View
              collapsable={false}
              style={
                Object {
                  "height": 12,
                  "overflow": "hidden",
                  "width": 24,
                }
              }
            >
              <View
                collapsable={false}
                style={
                  Object {
                    "borderColor": "#6200ee",
                    "borderRadius": 12,
                    "borderWidth": 2.4,
                    "height": 24,
                    "width": 24,
                  }
                }
              />
            </View>
          </View>
        </View>
      </View>
    </View>
    <View
      collapsable={false}
      style={
        Object {
          "alignItems": "center",
          "bottom": 0,
          "justifyContent": "center",
          "left": 0,
          "position": "absolute",
          "right": 0,
          "top": 0,
        }
      }
    >
      <View
        collapsable={false}
        style={
          Object {
            "height": 24,
            "transform": Array [
              Object {
                "rotate": "45deg",
              },
            ],
            "width": 24,
          }
        }
      >
        <View
          collapsable={false}
          style={
            Object {
              "height": 12,
              "overflow": "hidden",
              "top": 12,
              "width": 24,
            }
          }
        >
          <View
            collapsable={false}
            style={
              Object {
                "height": 24,
                "transform": Array [
                  Object {
                    "translateY": -12,
                  },
                  Object {
                    "rotate": "345deg",
                  },
                ],
                "width": 24,
              }
            }
          >
            <View
              collapsable={false}
              style={
                Object {
                  "height": 12,
                  "overflow": "hidden",
                  "width": 24,
                }
              }
            >
              <View
                collapsable={false}
                style={
                  Object {
                    "borderColor": "#6200ee",
                    "borderRadius": 12,
                    "borderWidth": 2.4,
                    "height": 24,
                    "width": 24,
                  }
                }
              />
            </View>
          </View>
        </View>
      </View>
    </View>
  </View>
</View>
`;
